RPC Name                 Input args Output args
  0 service_discovery               C         
  1 bool                 b          b         
  2 double               d          d         
  3 nan                             d         
  4 int                  i          i         
  5 long                 l          l         
  6 string               s          i         
  7 char_array           C          C         
  8 double_array         D          D         
  9 int_array            I          I         
 10 long_array           L          L         
 11 null_method                               
 12 stringret            i          s         
 13 handle               h                    
 14 handleret                       h         
 15 invalid_handle       h                    
 16 invalid_handle_ret              h         
bool RESULTS:   b(1)
bool RESULTS:   b(0)
double RESULTS:   d(-1.000000)
nan RESULTS:   d(NaN)
int RESULTS:   i(-1)
long RESULTS:   l(-1)
string RESULTS:   i(5)
char_array RESULTS:   olleh
char_array RESULTS:   .dlrow,olleH
char_array RESULTS:   \x7f\\\"\"\t\n\f\bA
double_array RESULTS:   D(5,5.900000,1.500000,4.100000,1.400000,3.100000)
int_array RESULTS:   I(5,5,4,3,2,1)
long_array RESULTS:   L(5,5,4,3,2,1)
null_method RESULTS: 
stringret RESULTS:   s("Ich weiss nicht, was soll es bedeutenDass ich so traurig bin,Ein Maerchen aus uralten Zeiten,Das kommt mir nicht aus dem Sinn.Die Luft ist kuehl und es dunkelt,Und ruhig fliesst der Rhein;Der Gipfel des Berges funkelt,Im Abendsonnenschein.Die schoenste Jungfrau sitzetDort oben wunderbar,Ihr gold'nes Geschmeide blitzet,Sie kaemmt ihr goldenes Haar,Sie kaemmt es mit goldenem Kamme,Und singt ein Lied dabei;Das hat eine wundersame,Gewalt'ge Melodei.")
handle RESULTS: 
handleret RESULTS:   h(4)
invalid_handle RESULTS: 
invalid_handle_ret RESULTS:   h(-1)
