Multi-threading enabled.
Starting up 8 worker threads.
Checksum: 0x205064E7
