[CRASH_TEST] Causing crash in NaCl trusted code...
** Fault in NaCl trusted code
