[CRASH_TEST] Causing crash in untrusted code...
** Fault in NaCl untrusted code
